{
  "data": {
    "servers": [
      {
        "args": [
          "hello"
        ],
        "authenticated": false,
        "command": "echo",
        "connected": true,
        "created": "0001-01-01T00:00:00Z",
        "enabled": true,
        "id": "test-server",
        "name": "test-server",
        "protocol": "stdio",
        "quarantined": false,
        "reconnect_count": 0,
        "status": "Ready",
        "tool_count": 5,
        "updated": "0001-01-01T00:00:00Z"
      }
    ],
    "stats": {
      "connected_servers": 1,
      "docker_containers": 0,
      "quarantined_servers": 0,
      "total_servers": 1,
      "total_tools": 5
    }
  },
  "success": true
}